0 verbose cli /home/mathieu/.nvm/versions/node/v20.17.0/bin/node /home/mathieu/.nvm/versions/node/v20.17.0/bin/npm
1 info using npm@10.8.2
2 info using node@v20.17.0
3 silly config load:file:/home/mathieu/.nvm/versions/node/v20.17.0/lib/node_modules/npm/npmrc
4 info config found workspace root at /mnt/c/Users/matma/Documents/MyDigitalSchool/M1/OrigAMI/site
5 silly config load:file:/mnt/c/Users/matma/Documents/MyDigitalSchool/M1/OrigAMI/site/.npmrc
6 silly config load:file:/home/mathieu/.npmrc
7 silly config load:file:/home/mathieu/.nvm/versions/node/v20.17.0/etc/npmrc
8 verbose title npm install
9 verbose argv "install"
10 verbose logfile logs-max:10 dir:/mnt/c/Users/matma/Documents/MyDigitalSchool/M1/OrigAMI/site/.npm-cache/_logs/2026-01-16T13_03_34_967Z-
11 verbose logfile /mnt/c/Users/matma/Documents/MyDigitalSchool/M1/OrigAMI/site/.npm-cache/_logs/2026-01-16T13_03_34_967Z-debug-0.log
12 silly logfile done cleaning log files
13 silly packumentCache heap:2106327040 maxSize:526581760 maxEntrySize:263290880
14 silly idealTree buildDeps
15 silly fetch manifest next@16.1.2
16 silly packumentCache full:https://registry.npmjs.org/next cache-miss
17 http fetch GET 200 https://registry.npmjs.org/next 807ms (cache hit)
18 silly packumentCache full:https://registry.npmjs.org/next set size:28470221 disposed:false
19 silly fetch manifest @opentelemetry/api@^1.1.0
20 silly packumentCache full:https://registry.npmjs.org/@opentelemetry%2fapi cache-miss
21 http fetch GET 200 https://registry.npmjs.org/@opentelemetry%2fapi 173ms (cache hit)
22 silly packumentCache full:https://registry.npmjs.org/@opentelemetry%2fapi set size:455567 disposed:false
23 silly fetch manifest @playwright/test@^1.51.1
24 silly packumentCache full:https://registry.npmjs.org/@playwright%2ftest cache-miss
25 http fetch GET 200 https://registry.npmjs.org/@playwright%2ftest 290ms (cache hit)
26 silly packumentCache full:https://registry.npmjs.org/@playwright%2ftest set size:8622018 disposed:false
27 silly fetch manifest babel-plugin-react-compiler@*
28 silly packumentCache full:https://registry.npmjs.org/babel-plugin-react-compiler cache-miss
29 http fetch GET 200 https://registry.npmjs.org/babel-plugin-react-compiler 250ms (cache hit)
30 silly packumentCache full:https://registry.npmjs.org/babel-plugin-react-compiler set size:1187913 disposed:false
31 silly fetch manifest react@19.2.3
32 silly packumentCache full:https://registry.npmjs.org/react cache-miss
33 http fetch GET 200 https://registry.npmjs.org/react 293ms (cache hit)
34 silly packumentCache full:https://registry.npmjs.org/react set size:6386343 disposed:false
35 silly fetch manifest react-dom@19.2.3
36 silly packumentCache full:https://registry.npmjs.org/react-dom cache-miss
37 http fetch GET 200 https://registry.npmjs.org/react-dom 345ms (cache hit)
38 silly packumentCache full:https://registry.npmjs.org/react-dom set size:8415884 disposed:false
39 silly fetch manifest sass@^1.3.0
40 silly packumentCache full:https://registry.npmjs.org/sass cache-miss
41 http fetch GET 200 https://registry.npmjs.org/sass 151ms (cache hit)
42 silly packumentCache full:https://registry.npmjs.org/sass set size:719969 disposed:false
43 silly fetch manifest eslint@^9
44 silly packumentCache full:https://registry.npmjs.org/eslint cache-miss
45 http fetch GET 200 https://registry.npmjs.org/eslint 203ms (cache hit)
46 silly packumentCache full:https://registry.npmjs.org/eslint set size:1886875 disposed:false
47 silly fetch manifest jiti@*
48 silly packumentCache full:https://registry.npmjs.org/jiti cache-miss
49 http fetch GET 200 https://registry.npmjs.org/jiti 146ms (cache hit)
50 silly packumentCache full:https://registry.npmjs.org/jiti set size:382310 disposed:false
51 silly fetch manifest typescript@^5
52 silly packumentCache full:https://registry.npmjs.org/typescript cache-miss
53 http fetch GET 200 https://registry.npmjs.org/typescript 205ms (cache hit)
54 silly packumentCache full:https://registry.npmjs.org/typescript set size:15133370 disposed:false
55 silly placeDep apps/web eslint@9.39.2 OK for: web@0.1.0 want: ^9
56 silly placeDep apps/web next@16.1.2 OK for: web@0.1.0 want: 16.1.2
57 silly placeDep apps/web react-dom@19.2.3 OK for: next@16.1.2 want: ^18.2.0 || 19.0.0-rc-de68d2f4-20241204 || ^19.0.0
58 silly placeDep apps/web typescript@5.9.3 OK for: web@0.1.0 want: ^5
59 silly fetch manifest @swc/helpers@0.5.15
60 silly packumentCache full:https://registry.npmjs.org/@swc%2fhelpers cache-miss
61 http fetch GET 200 https://registry.npmjs.org/@swc%2fhelpers 167ms (cache hit)
62 silly packumentCache full:https://registry.npmjs.org/@swc%2fhelpers set size:655395 disposed:false
63 silly fetch manifest caniuse-lite@^1.0.30001579
64 silly packumentCache full:https://registry.npmjs.org/caniuse-lite cache-miss
65 http fetch GET 200 https://registry.npmjs.org/caniuse-lite 135ms (cache hit)
66 silly packumentCache full:https://registry.npmjs.org/caniuse-lite set size:2242439 disposed:false
67 silly fetch manifest @next/swc-darwin-x64@16.1.2
68 silly packumentCache full:https://registry.npmjs.org/@next%2fswc-darwin-x64 cache-miss
69 http fetch GET 200 https://registry.npmjs.org/@next%2fswc-darwin-x64 116ms (cache hit)
70 silly packumentCache full:https://registry.npmjs.org/@next%2fswc-darwin-x64 set size:4811033 disposed:false
71 silly fetch manifest @next/swc-darwin-arm64@16.1.2
72 silly packumentCache full:https://registry.npmjs.org/@next%2fswc-darwin-arm64 cache-miss
73 http fetch GET 200 https://registry.npmjs.org/@next%2fswc-darwin-arm64 131ms (cache hit)
74 silly packumentCache full:https://registry.npmjs.org/@next%2fswc-darwin-arm64 set size:4864081 disposed:false
75 silly fetch manifest @next/swc-linux-x64-musl@16.1.2
76 silly packumentCache full:https://registry.npmjs.org/@next%2fswc-linux-x64-musl cache-miss
77 http fetch GET 200 https://registry.npmjs.org/@next%2fswc-linux-x64-musl 154ms (cache hit)
78 silly packumentCache full:https://registry.npmjs.org/@next%2fswc-linux-x64-musl set size:4664758 disposed:false
79 silly fetch manifest @next/swc-win32-x64-msvc@16.1.2
80 silly packumentCache full:https://registry.npmjs.org/@next%2fswc-win32-x64-msvc cache-miss
81 http fetch GET 200 https://registry.npmjs.org/@next%2fswc-win32-x64-msvc 135ms (cache hit)
82 silly packumentCache full:https://registry.npmjs.org/@next%2fswc-win32-x64-msvc set size:4882210 disposed:false
83 silly fetch manifest @next/swc-linux-arm64-gnu@16.1.2
84 silly packumentCache full:https://registry.npmjs.org/@next%2fswc-linux-arm64-gnu cache-miss
85 http fetch GET 200 https://registry.npmjs.org/@next%2fswc-linux-arm64-gnu 134ms (cache hit)
86 silly packumentCache full:https://registry.npmjs.org/@next%2fswc-linux-arm64-gnu set size:4709527 disposed:false
87 silly fetch manifest @next/swc-linux-arm64-musl@16.1.2
88 silly packumentCache full:https://registry.npmjs.org/@next%2fswc-linux-arm64-musl cache-miss
89 http fetch GET 200 https://registry.npmjs.org/@next%2fswc-linux-arm64-musl 119ms (cache hit)
90 silly packumentCache full:https://registry.npmjs.org/@next%2fswc-linux-arm64-musl set size:4725800 disposed:false
91 silly fetch manifest @next/swc-win32-arm64-msvc@16.1.2
92 silly packumentCache full:https://registry.npmjs.org/@next%2fswc-win32-arm64-msvc cache-miss
93 http fetch GET 200 https://registry.npmjs.org/@next%2fswc-win32-arm64-msvc 114ms (cache hit)
94 silly packumentCache full:https://registry.npmjs.org/@next%2fswc-win32-arm64-msvc set size:4693184 disposed:false
95 silly placeDep apps/web @next/swc-darwin-arm64@16.1.2 OK for: next@16.1.2 want: 16.1.2
96 silly placeDep apps/web @next/swc-darwin-x64@16.1.2 OK for: next@16.1.2 want: 16.1.2
97 silly placeDep apps/web @next/swc-linux-arm64-gnu@16.1.2 OK for: next@16.1.2 want: 16.1.2
98 silly placeDep apps/web @next/swc-linux-arm64-musl@16.1.2 OK for: next@16.1.2 want: 16.1.2
99 silly placeDep apps/web @next/swc-linux-x64-musl@16.1.2 OK for: next@16.1.2 want: 16.1.2
100 silly placeDep apps/web @next/swc-win32-arm64-msvc@16.1.2 OK for: next@16.1.2 want: 16.1.2
101 silly placeDep apps/web @next/swc-win32-x64-msvc@16.1.2 OK for: next@16.1.2 want: 16.1.2
102 silly placeDep apps/web @swc/helpers@0.5.15 OK for: next@16.1.2 want: 0.5.15
103 silly placeDep apps/web caniuse-lite@1.0.30001764 OK for: next@16.1.2 want: ^1.0.30001579
104 silly reify mark retired [
104 silly reify   '/mnt/c/Users/matma/Documents/MyDigitalSchool/M1/OrigAMI/site/node_modules/next'
104 silly reify ]
105 silly reify mark retired [
105 silly reify   '/mnt/c/Users/matma/Documents/MyDigitalSchool/M1/OrigAMI/site/node_modules/react-dom'
105 silly reify ]
106 silly reify mark retired [
106 silly reify   '/mnt/c/Users/matma/Documents/MyDigitalSchool/M1/OrigAMI/site/node_modules/@typescript-eslint/eslint-plugin/node_modules/ignore'
106 silly reify ]
107 silly reify mark retired [
107 silly reify   '/mnt/c/Users/matma/Documents/MyDigitalSchool/M1/OrigAMI/site/node_modules/acorn',
107 silly reify   '/mnt/c/Users/matma/Documents/MyDigitalSchool/M1/OrigAMI/site/node_modules/.bin/acorn'
107 silly reify ]
108 silly reify mark retired [
108 silly reify   '/mnt/c/Users/matma/Documents/MyDigitalSchool/M1/OrigAMI/site/node_modules/baseline-browser-mapping',
108 silly reify   '/mnt/c/Users/matma/Documents/MyDigitalSchool/M1/OrigAMI/site/node_modules/.bin/baseline-browser-mapping'
108 silly reify ]
109 silly reify mark retired [
109 silly reify   '/mnt/c/Users/matma/Documents/MyDigitalSchool/M1/OrigAMI/site/node_modules/browserslist',
109 silly reify   '/mnt/c/Users/matma/Documents/MyDigitalSchool/M1/OrigAMI/site/node_modules/.bin/browserslist'
109 silly reify ]
110 silly reify mark retired [
110 silly reify   '/mnt/c/Users/matma/Documents/MyDigitalSchool/M1/OrigAMI/site/node_modules/eslint-plugin-react/node_modules/resolve',
110 silly reify   '/mnt/c/Users/matma/Documents/MyDigitalSchool/M1/OrigAMI/site/node_modules/eslint-plugin-react/node_modules/.bin/resolve'
110 silly reify ]
111 silly reify mark retired [
111 silly reify   '/mnt/c/Users/matma/Documents/MyDigitalSchool/M1/OrigAMI/site/node_modules/is-bun-module/node_modules/semver',
111 silly reify   '/mnt/c/Users/matma/Documents/MyDigitalSchool/M1/OrigAMI/site/node_modules/is-bun-module/node_modules/.bin/semver'
111 silly reify ]
112 silly reify mark retired [
112 silly reify   '/mnt/c/Users/matma/Documents/MyDigitalSchool/M1/OrigAMI/site/node_modules/js-yaml',
112 silly reify   '/mnt/c/Users/matma/Documents/MyDigitalSchool/M1/OrigAMI/site/node_modules/.bin/js-yaml'
112 silly reify ]
113 silly reify mark retired [
113 silly reify   '/mnt/c/Users/matma/Documents/MyDigitalSchool/M1/OrigAMI/site/node_modules/jsesc',
113 silly reify   '/mnt/c/Users/matma/Documents/MyDigitalSchool/M1/OrigAMI/site/node_modules/.bin/jsesc'
113 silly reify ]
114 silly reify mark retired [
114 silly reify   '/mnt/c/Users/matma/Documents/MyDigitalSchool/M1/OrigAMI/site/node_modules/json5',
114 silly reify   '/mnt/c/Users/matma/Documents/MyDigitalSchool/M1/OrigAMI/site/node_modules/.bin/json5'
114 silly reify ]
115 silly reify mark retired [
115 silly reify   '/mnt/c/Users/matma/Documents/MyDigitalSchool/M1/OrigAMI/site/node_modules/loose-envify',
115 silly reify   '/mnt/c/Users/matma/Documents/MyDigitalSchool/M1/OrigAMI/site/node_modules/.bin/loose-envify'
115 silly reify ]
116 silly reify mark retired [
116 silly reify   '/mnt/c/Users/matma/Documents/MyDigitalSchool/M1/OrigAMI/site/node_modules/napi-postinstall',
116 silly reify   '/mnt/c/Users/matma/Documents/MyDigitalSchool/M1/OrigAMI/site/node_modules/.bin/napi-postinstall'
116 silly reify ]
117 silly reify mark retired [
117 silly reify   '/mnt/c/Users/matma/Documents/MyDigitalSchool/M1/OrigAMI/site/node_modules/nanoid',
117 silly reify   '/mnt/c/Users/matma/Documents/MyDigitalSchool/M1/OrigAMI/site/node_modules/.bin/nanoid'
117 silly reify ]
118 silly reify mark retired [
118 silly reify   '/mnt/c/Users/matma/Documents/MyDigitalSchool/M1/OrigAMI/site/node_modules/resolve',
118 silly reify   '/mnt/c/Users/matma/Documents/MyDigitalSchool/M1/OrigAMI/site/node_modules/.bin/resolve'
118 silly reify ]
119 silly reify mark retired [
119 silly reify   '/mnt/c/Users/matma/Documents/MyDigitalSchool/M1/OrigAMI/site/node_modules/semver',
119 silly reify   '/mnt/c/Users/matma/Documents/MyDigitalSchool/M1/OrigAMI/site/node_modules/.bin/semver'
119 silly reify ]
120 silly reify mark retired [
120 silly reify   '/mnt/c/Users/matma/Documents/MyDigitalSchool/M1/OrigAMI/site/node_modules/sharp/node_modules/semver',
120 silly reify   '/mnt/c/Users/matma/Documents/MyDigitalSchool/M1/OrigAMI/site/node_modules/sharp/node_modules/.bin/semver'
120 silly reify ]
121 silly reify mark retired [
121 silly reify   '/mnt/c/Users/matma/Documents/MyDigitalSchool/M1/OrigAMI/site/node_modules/tsconfig-paths/node_modules/json5',
121 silly reify   '/mnt/c/Users/matma/Documents/MyDigitalSchool/M1/OrigAMI/site/node_modules/tsconfig-paths/node_modules/.bin/json5'
121 silly reify ]
122 silly reify mark retired [
122 silly reify   '/mnt/c/Users/matma/Documents/MyDigitalSchool/M1/OrigAMI/site/node_modules/update-browserslist-db',
122 silly reify   '/mnt/c/Users/matma/Documents/MyDigitalSchool/M1/OrigAMI/site/node_modules/.bin/update-browserslist-db'
122 silly reify ]
123 silly reify mark retired [
123 silly reify   '/mnt/c/Users/matma/Documents/MyDigitalSchool/M1/OrigAMI/site/node_modules/which',
123 silly reify   '/mnt/c/Users/matma/Documents/MyDigitalSchool/M1/OrigAMI/site/node_modules/.bin/node-which'
123 silly reify ]
124 silly reify mark retired [
124 silly reify   '/mnt/c/Users/matma/Documents/MyDigitalSchool/M1/OrigAMI/site/node_modules/@babel/parser',
124 silly reify   '/mnt/c/Users/matma/Documents/MyDigitalSchool/M1/OrigAMI/site/node_modules/.bin/parser'
124 silly reify ]
125 silly reify mark retired [
125 silly reify   '/mnt/c/Users/matma/Documents/MyDigitalSchool/M1/OrigAMI/site/node_modules/@typescript-eslint/typescript-estree/node_modules/semver',
125 silly reify   '/mnt/c/Users/matma/Documents/MyDigitalSchool/M1/OrigAMI/site/node_modules/@typescript-eslint/typescript-estree/node_modules/.bin/semver'
125 silly reify ]
126 silly reify moves {
126 silly reify   '/mnt/c/Users/matma/Documents/MyDigitalSchool/M1/OrigAMI/site/node_modules/next': '/mnt/c/Users/matma/Documents/MyDigitalSchool/M1/OrigAMI/site/node_modules/.next-MqKNERBM',
126 silly reify   '/mnt/c/Users/matma/Documents/MyDigitalSchool/M1/OrigAMI/site/node_modules/react-dom': '/mnt/c/Users/matma/Documents/MyDigitalSchool/M1/OrigAMI/site/node_modules/.react-dom-5PdIpyQT',
126 silly reify   '/mnt/c/Users/matma/Documents/MyDigitalSchool/M1/OrigAMI/site/node_modules/@typescript-eslint/eslint-plugin/node_modules/ignore': '/mnt/c/Users/matma/Documents/MyDigitalSchool/M1/OrigAMI/site/node_modules/@typescript-eslint/eslint-plugin/node_modules/.ignore-y3qAFzWj',
126 silly reify   '/mnt/c/Users/matma/Documents/MyDigitalSchool/M1/OrigAMI/site/node_modules/acorn': '/mnt/c/Users/matma/Documents/MyDigitalSchool/M1/OrigAMI/site/node_modules/.acorn-LqAEUMxZ',
126 silly reify   '/mnt/c/Users/matma/Documents/MyDigitalSchool/M1/OrigAMI/site/node_modules/.bin/acorn': '/mnt/c/Users/matma/Documents/MyDigitalSchool/M1/OrigAMI/site/node_modules/.bin/.acorn-2sXfMHFL',
126 silly reify   '/mnt/c/Users/matma/Documents/MyDigitalSchool/M1/OrigAMI/site/node_modules/baseline-browser-mapping': '/mnt/c/Users/matma/Documents/MyDigitalSchool/M1/OrigAMI/site/node_modules/.baseline-browser-mapping-Wv21m30r',
126 silly reify   '/mnt/c/Users/matma/Documents/MyDigitalSchool/M1/OrigAMI/site/node_modules/.bin/baseline-browser-mapping': '/mnt/c/Users/matma/Documents/MyDigitalSchool/M1/OrigAMI/site/node_modules/.bin/.baseline-browser-mapping-DPCyhzFR',
126 silly reify   '/mnt/c/Users/matma/Documents/MyDigitalSchool/M1/OrigAMI/site/node_modules/browserslist': '/mnt/c/Users/matma/Documents/MyDigitalSchool/M1/OrigAMI/site/node_modules/.browserslist-MqvCoNV7',
126 silly reify   '/mnt/c/Users/matma/Documents/MyDigitalSchool/M1/OrigAMI/site/node_modules/.bin/browserslist': '/mnt/c/Users/matma/Documents/MyDigitalSchool/M1/OrigAMI/site/node_modules/.bin/.browserslist-ZlHiXGnN',
126 silly reify   '/mnt/c/Users/matma/Documents/MyDigitalSchool/M1/OrigAMI/site/node_modules/eslint-plugin-react/node_modules/resolve': '/mnt/c/Users/matma/Documents/MyDigitalSchool/M1/OrigAMI/site/node_modules/eslint-plugin-react/node_modules/.resolve-IbRu4HBt',
126 silly reify   '/mnt/c/Users/matma/Documents/MyDigitalSchool/M1/OrigAMI/site/node_modules/eslint-plugin-react/node_modules/.bin/resolve': '/mnt/c/Users/matma/Documents/MyDigitalSchool/M1/OrigAMI/site/node_modules/eslint-plugin-react/node_modules/.bin/.resolve-BaSaSY4Q',
126 silly reify   '/mnt/c/Users/matma/Documents/MyDigitalSchool/M1/OrigAMI/site/node_modules/is-bun-module/node_modules/semver': '/mnt/c/Users/matma/Documents/MyDigitalSchool/M1/OrigAMI/site/node_modules/is-bun-module/node_modules/.semver-9IecpMPv',
126 silly reify   '/mnt/c/Users/matma/Documents/MyDigitalSchool/M1/OrigAMI/site/node_modules/is-bun-module/node_modules/.bin/semver': '/mnt/c/Users/matma/Documents/MyDigitalSchool/M1/OrigAMI/site/node_modules/is-bun-module/node_modules/.bin/.semver-a8SAvwy8',
126 silly reify   '/mnt/c/Users/matma/Documents/MyDigitalSchool/M1/OrigAMI/site/node_modules/js-yaml': '/mnt/c/Users/matma/Documents/MyDigitalSchool/M1/OrigAMI/site/node_modules/.js-yaml-zrqCPYyp',
126 silly reify   '/mnt/c/Users/matma/Documents/MyDigitalSchool/M1/OrigAMI/site/node_modules/.bin/js-yaml': '/mnt/c/Users/matma/Documents/MyDigitalSchool/M1/OrigAMI/site/node_modules/.bin/.js-yaml-xc9phk7K',
126 silly reify   '/mnt/c/Users/matma/Documents/MyDigitalSchool/M1/OrigAMI/site/node_modules/jsesc': '/mnt/c/Users/matma/Documents/MyDigitalSchool/M1/OrigAMI/site/node_modules/.jsesc-kogViCBx',
126 silly reify   '/mnt/c/Users/matma/Documents/MyDigitalSchool/M1/OrigAMI/site/node_modules/.bin/jsesc': '/mnt/c/Users/matma/Documents/MyDigitalSchool/M1/OrigAMI/site/node_modules/.bin/.jsesc-IioSMNES',
126 silly reify   '/mnt/c/Users/matma/Documents/MyDigitalSchool/M1/OrigAMI/site/node_modules/json5': '/mnt/c/Users/matma/Documents/MyDigitalSchool/M1/OrigAMI/site/node_modules/.json5-zaKifgDv',
126 silly reify   '/mnt/c/Users/matma/Documents/MyDigitalSchool/M1/OrigAMI/site/node_modules/.bin/json5': '/mnt/c/Users/matma/Documents/MyDigitalSchool/M1/OrigAMI/site/node_modules/.bin/.json5-mlbaxj85',
126 silly reify   '/mnt/c/Users/matma/Documents/MyDigitalSchool/M1/OrigAMI/site/node_modules/loose-envify': '/mnt/c/Users/matma/Documents/MyDigitalSchool/M1/OrigAMI/site/node_modules/.loose-envify-4WmsOw8c',
126 silly reify   '/mnt/c/Users/matma/Documents/MyDigitalSchool/M1/OrigAMI/site/node_modules/.bin/loose-envify': '/mnt/c/Users/matma/Documents/MyDigitalSchool/M1/OrigAMI/site/node_modules/.bin/.loose-envify-COhcbh8O',
126 silly reify   '/mnt/c/Users/matma/Documents/MyDigitalSchool/M1/OrigAMI/site/node_modules/napi-postinstall': '/mnt/c/Users/matma/Documents/MyDigitalSchool/M1/OrigAMI/site/node_modules/.napi-postinstall-t4mSET8Z',
126 silly reify   '/mnt/c/Users/matma/Documents/MyDigitalSchool/M1/OrigAMI/site/node_modules/.bin/napi-postinstall': '/mnt/c/Users/matma/Documents/MyDigitalSchool/M1/OrigAMI/site/node_modules/.bin/.napi-postinstall-chYMmVfQ',
126 silly reify   '/mnt/c/Users/matma/Documents/MyDigitalSchool/M1/OrigAMI/site/node_modules/nanoid': '/mnt/c/Users/matma/Documents/MyDigitalSchool/M1/OrigAMI/site/node_modules/.nanoid-Yj0g0Db3',
126 silly reify   '/mnt/c/Users/matma/Documents/MyDigitalSchool/M1/OrigAMI/site/node_modules/.bin/nanoid': '/mnt/c/Users/matma/Documents/MyDigitalSchool/M1/OrigAMI/site/node_modules/.bin/.nanoid-etyfELzk',
126 silly reify   '/mnt/c/Users/matma/Documents/MyDigitalSchool/M1/OrigAMI/site/node_modules/resolve': '/mnt/c/Users/matma/Documents/MyDigitalSchool/M1/OrigAMI/site/node_modules/.resolve-8pxfNFLV',
126 silly reify   '/mnt/c/Users/matma/Documents/MyDigitalSchool/M1/OrigAMI/site/node_modules/.bin/resolve': '/mnt/c/Users/matma/Documents/MyDigitalSchool/M1/OrigAMI/site/node_modules/.bin/.resolve-tPfqmus2',
126 silly reify   '/mnt/c/Users/matma/Documents/MyDigitalSchool/M1/OrigAMI/site/node_modules/semver': '/mnt/c/Users/matma/Documents/MyDigitalSchool/M1/OrigAMI/site/node_modules/.semver-JGgjUDiw',
126 silly reify   '/mnt/c/Users/matma/Documents/MyDigitalSchool/M1/OrigAMI/site/node_modules/.bin/semver': '/mnt/c/Users/matma/Documents/MyDigitalSchool/M1/OrigAMI/site/node_modules/.bin/.semver-ZkeZhysm',
126 silly reify   '/mnt/c/Users/matma/Documents/MyDigitalSchool/M1/OrigAMI/site/node_modules/sharp/node_modules/semver': '/mnt/c/Users/matma/Documents/MyDigitalSchool/M1/OrigAMI/site/node_modules/sharp/node_modules/.semver-HsXToypP',
126 silly reify   '/mnt/c/Users/matma/Documents/MyDigitalSchool/M1/OrigAMI/site/node_modules/sharp/node_modules/.bin/semver': '/mnt/c/Users/matma/Documents/MyDigitalSchool/M1/OrigAMI/site/node_modules/sharp/node_modules/.bin/.semver-GZteSvcy',
126 silly reify   '/mnt/c/Users/matma/Documents/MyDigitalSchool/M1/OrigAMI/site/node_modules/tsconfig-paths/node_modules/json5': '/mnt/c/Users/matma/Documents/MyDigitalSchool/M1/OrigAMI/site/node_modules/tsconfig-paths/node_modules/.json5-4e6CWW6n',
126 silly reify   '/mnt/c/Users/matma/Documents/MyDigitalSchool/M1/OrigAMI/site/node_modules/tsconfig-paths/node_modules/.bin/json5': '/mnt/c/Users/matma/Documents/MyDigitalSchool/M1/OrigAMI/site/node_modules/tsconfig-paths/node_modules/.bin/.json5-bwC37UdT',
126 silly reify   '/mnt/c/Users/matma/Documents/MyDigitalSchool/M1/OrigAMI/site/node_modules/update-browserslist-db': '/mnt/c/Users/matma/Documents/MyDigitalSchool/M1/OrigAMI/site/node_modules/.update-browserslist-db-cVTfepog',
126 silly reify   '/mnt/c/Users/matma/Documents/MyDigitalSchool/M1/OrigAMI/site/node_modules/.bin/update-browserslist-db': '/mnt/c/Users/matma/Documents/MyDigitalSchool/M1/OrigAMI/site/node_modules/.bin/.update-browserslist-db-JFdR0VON',
126 silly reify   '/mnt/c/Users/matma/Documents/MyDigitalSchool/M1/OrigAMI/site/node_modules/which': '/mnt/c/Users/matma/Documents/MyDigitalSchool/M1/OrigAMI/site/node_modules/.which-NdgFSr9V',
126 silly reify   '/mnt/c/Users/matma/Documents/MyDigitalSchool/M1/OrigAMI/site/node_modules/.bin/node-which': '/mnt/c/Users/matma/Documents/MyDigitalSchool/M1/OrigAMI/site/node_modules/.bin/.node-which-lMYl4tEL',
126 silly reify   '/mnt/c/Users/matma/Documents/MyDigitalSchool/M1/OrigAMI/site/node_modules/@babel/parser': '/mnt/c/Users/matma/Documents/MyDigitalSchool/M1/OrigAMI/site/node_modules/@babel/.parser-WYledl7t',
126 silly reify   '/mnt/c/Users/matma/Documents/MyDigitalSchool/M1/OrigAMI/site/node_modules/.bin/parser': '/mnt/c/Users/matma/Documents/MyDigitalSchool/M1/OrigAMI/site/node_modules/.bin/.parser-qAht89jY',
126 silly reify   '/mnt/c/Users/matma/Documents/MyDigitalSchool/M1/OrigAMI/site/node_modules/@typescript-eslint/typescript-estree/node_modules/semver': '/mnt/c/Users/matma/Documents/MyDigitalSchool/M1/OrigAMI/site/node_modules/@typescript-eslint/typescript-estree/node_modules/.semver-0ZPE5MfF',
126 silly reify   '/mnt/c/Users/matma/Documents/MyDigitalSchool/M1/OrigAMI/site/node_modules/@typescript-eslint/typescript-estree/node_modules/.bin/semver': '/mnt/c/Users/matma/Documents/MyDigitalSchool/M1/OrigAMI/site/node_modules/@typescript-eslint/typescript-estree/node_modules/.bin/.semver-26tp4WOE'
126 silly reify }
127 silly audit bulk request {
127 silly audit   ignore: [ '5.3.2' ],
127 silly audit   acorn: [ '8.15.0' ],
127 silly audit   'acorn-jsx': [ '5.3.2' ],
127 silly audit   ajv: [ '6.12.6' ],
127 silly audit   'ansi-styles': [ '4.3.0' ],
127 silly audit   argparse: [ '2.0.1' ],
127 silly audit   'aria-query': [ '5.3.2' ],
127 silly audit   'array.prototype.findlast': [ '1.2.5' ],
127 silly audit   'array-includes': [ '3.1.9' ],
127 silly audit   'array.prototype.flat': [ '1.3.3' ],
127 silly audit   'array.prototype.findlastindex': [ '1.2.6' ],
127 silly audit   'array.prototype.flatmap': [ '1.3.3' ],
127 silly audit   'array.prototype.tosorted': [ '1.1.4' ],
127 silly audit   'ast-types-flow': [ '0.0.8' ],
127 silly audit   'axe-core': [ '4.11.1' ],
127 silly audit   'axobject-query': [ '4.1.0' ],
127 silly audit   'balanced-match': [ '1.0.2' ],
127 silly audit   'baseline-browser-mapping': [ '2.9.14' ],
127 silly audit   'brace-expansion': [ '1.1.12', '2.0.2' ],
127 silly audit   browserslist: [ '4.28.1' ],
127 silly audit   braces: [ '3.0.3' ],
127 silly audit   'call-bound': [ '1.0.4' ],
127 silly audit   'call-bind': [ '1.0.8' ],
127 silly audit   callsites: [ '3.1.0' ],
127 silly audit   'call-bind-apply-helpers': [ '1.0.2' ],
127 silly audit   'client-only': [ '0.0.1' ],
127 silly audit   'color-convert': [ '2.0.1' ],
127 silly audit   'concat-map': [ '0.0.1' ],
127 silly audit   chalk: [ '4.1.2' ],
127 silly audit   'convert-source-map': [ '2.0.0' ],
127 silly audit   'color-name': [ '1.1.4' ],
127 silly audit   csstype: [ '3.2.3' ],
127 silly audit   'damerau-levenshtein': [ '1.0.8' ],
127 silly audit   'cross-spawn': [ '7.0.6' ],
127 silly audit   debug: [ '4.4.3', '3.2.7' ],
127 silly audit   'deep-is': [ '0.1.4' ],
127 silly audit   'detect-libc': [ '2.1.2' ],
127 silly audit   'define-properties': [ '1.2.1' ],
127 silly audit   'define-data-property': [ '1.1.4' ],
127 silly audit   'electron-to-chromium': [ '1.5.267' ],
127 silly audit   'emoji-regex': [ '9.2.2' ],
127 silly audit   doctrine: [ '2.1.0' ],
127 silly audit   'es-errors': [ '1.3.0' ],
127 silly audit   'dunder-proto': [ '1.0.1' ],
127 silly audit   'es-object-atoms': [ '1.1.1' ],
127 silly audit   'es-define-property': [ '1.0.1' ],
127 silly audit   'es-iterator-helpers': [ '1.2.2' ],
127 silly audit   'es-shim-unscopables': [ '1.1.0' ],
127 silly audit   'escape-string-regexp': [ '4.0.0' ],
127 silly audit   'es-set-tostringtag': [ '2.1.0' ],
127 silly audit   escalade: [ '3.2.0' ],
127 silly audit   'eslint-module-utils': [ '2.12.1' ],
127 silly audit   'eslint-config-next': [ '16.1.2' ],
127 silly audit   globals: [ '16.4.0', '14.0.0' ],
127 silly audit   'eslint-import-resolver-typescript': [ '3.10.1' ],
127 silly audit   'eslint-plugin-import': [ '2.32.0' ],
127 silly audit   'eslint-plugin-jsx-a11y': [ '6.10.2' ],
127 silly audit   'eslint-plugin-react': [ '7.37.5' ],
127 silly audit   resolve: [ '2.0.0-next.5', '1.22.11' ],
127 silly audit   'eslint-import-resolver-node': [ '0.3.9' ],
127 silly audit   'eslint-plugin-react-hooks': [ '7.0.1' ],
127 silly audit   'eslint-visitor-keys': [ '4.2.1', '3.4.3' ],
127 silly audit   'eslint-scope': [ '8.4.0' ],
127 silly audit   espree: [ '10.4.0' ],
127 silly audit   esquery: [ '1.7.0' ],
127 silly audit   esutils: [ '2.0.3' ],
127 silly audit   estraverse: [ '5.3.0' ],
127 silly audit   esrecurse: [ '4.3.0' ],
127 silly audit   'fast-deep-equal': [ '3.1.3' ],
127 silly audit   'fast-glob': [ '3.3.1' ],
127 silly audit   'glob-parent': [ '5.1.2', '6.0.2' ],
127 silly audit   'fast-json-stable-stringify': [ '2.1.0' ],
127 silly audit   fastq: [ '1.20.1' ],
127 silly audit   'fill-range': [ '7.1.1' ],
127 silly audit   'file-entry-cache': [ '8.0.0' ],
127 silly audit   'fast-levenshtein': [ '2.0.6' ],
127 silly audit   'find-up': [ '5.0.0' ],
127 silly audit   'flat-cache': [ '4.0.1' ],
127 silly audit   flatted: [ '3.3.3' ],
127 silly audit   'functions-have-names': [ '1.2.3' ],
127 silly audit   'function-bind': [ '1.1.2' ],
127 silly audit   gensync: [ '1.0.0-beta.2' ],
127 silly audit   'get-intrinsic': [ '1.3.0' ],
127 silly audit   'get-proto': [ '1.0.1' ],
127 silly audit   'get-tsconfig': [ '4.13.0' ],
127 silly audit   globalthis: [ '1.0.4' ],
127 silly audit   'has-flag': [ '4.0.0' ],
127 silly audit   gopd: [ '1.2.0' ],
127 silly audit   'has-tostringtag': [ '1.0.2' ],
127 silly audit   'has-proto': [ '1.2.0' ],
127 silly audit   'has-property-descriptors': [ '1.0.2' ],
127 silly audit   'hermes-estree': [ '0.25.1' ],
127 silly audit   'has-symbols': [ '1.1.0' ],
127 silly audit   hasown: [ '2.0.2' ],
127 silly audit   'hermes-parser': [ '0.25.1' ],
127 silly audit   imurmurhash: [ '0.1.4' ],
127 silly audit   'import-fresh': [ '3.3.1' ],
127 silly audit   'internal-slot': [ '1.1.0' ],
127 silly audit   'is-bun-module': [ '2.0.0' ],
127 silly audit   semver: [ '7.7.3', '6.3.1' ],
127 silly audit   'is-core-module': [ '2.16.1' ],
127 silly audit   'is-extglob': [ '2.1.1' ],
127 silly audit   'is-glob': [ '4.0.3' ],
127 silly audit   'is-number': [ '7.0.0' ],
127 silly audit   'is-regex': [ '1.2.1' ],
127 silly audit   'is-string': [ '1.1.1' ],
127 silly audit   isarray: [ '2.0.5' ],
127 silly audit   isexe: [ '2.0.0' ],
127 silly audit   'iterator.prototype': [ '1.1.5' ],
127 silly audit   'js-tokens': [ '4.0.0' ],
127 silly audit   'js-yaml': [ '4.1.1' ],
127 silly audit   jsesc: [ '3.1.0' ],
127 silly audit   'json-stable-stringify-without-jsonify': [ '1.0.1' ],
127 silly audit   'json-buffer': [ '3.0.1' ],
127 silly audit   'json-schema-traverse': [ '0.4.1' ],
127 silly audit   json5: [ '2.2.3', '1.0.2' ],
127 silly audit   'jsx-ast-utils': [ '3.3.5' ],
127 silly audit   'language-subtag-registry': [ '0.3.23' ],
127 silly audit   'locate-path': [ '6.0.0' ],
127 silly audit   keyv: [ '4.5.4' ],
127 silly audit   'lodash.merge': [ '4.6.2' ],
127 silly audit   levn: [ '0.4.1' ],
127 silly audit   'language-tags': [ '1.0.9' ],
127 silly audit   'lru-cache': [ '5.1.1' ],
127 silly audit   merge2: [ '1.4.1' ],
127 silly audit   'loose-envify': [ '1.4.0' ],
127 silly audit   ms: [ '2.1.3' ],
127 silly audit   'math-intrinsics': [ '1.1.0' ],
127 silly audit   minimatch: [ '3.1.2', '9.0.5' ],
127 silly audit   minimist: [ '1.2.8' ],
127 silly audit   micromatch: [ '4.0.8' ],
127 silly audit   nanoid: [ '3.3.11' ],
127 silly audit   'natural-compare': [ '1.4.0' ],
127 silly audit   'node-releases': [ '2.0.27' ],
127 silly audit   'napi-postinstall': [ '0.3.4' ],
127 silly audit   'object-assign': [ '4.1.1' ],
127 silly audit   'object-keys': [ '1.1.1' ],
127 silly audit   'object-inspect': [ '1.13.4' ],
127 silly audit   'object.fromentries': [ '2.0.8' ],
127 silly audit   'object.entries': [ '1.1.9' ],
127 silly audit   'object.groupby': [ '1.0.3' ],
127 silly audit   'object.values': [ '1.2.1' ],
127 silly audit   'object.assign': [ '4.1.7' ],
127 silly audit   'p-limit': [ '3.1.0' ],
127 silly audit   'parent-module': [ '1.0.1' ],
127 silly audit   'p-locate': [ '5.0.0' ],
127 silly audit   optionator: [ '0.9.4' ],
127 silly audit   'path-key': [ '3.1.1' ],
127 silly audit   'path-exists': [ '4.0.0' ],
127 silly audit   picocolors: [ '1.1.1' ],
127 silly audit   'path-parse': [ '1.0.7' ],
127 silly audit   'prelude-ls': [ '1.2.1' ],
127 silly audit   picomatch: [ '2.3.1', '4.0.3' ],
127 silly audit   postcss: [ '8.4.31' ],
127 silly audit   'prop-types': [ '15.8.1' ],
127 silly audit   'queue-microtask': [ '1.2.3' ],
127 silly audit   react: [ '19.2.3' ],
127 silly audit   punycode: [ '2.3.1' ],
127 silly audit   'react-is': [ '16.13.1' ],
127 silly audit   'regexp.prototype.flags': [ '1.5.4' ],
127 silly audit   'resolve-from': [ '4.0.0' ],
127 silly audit   'run-parallel': [ '1.2.0' ],
127 silly audit   'resolve-pkg-maps': [ '1.0.0' ],
127 silly audit   'safe-regex-test': [ '1.1.0' ],
127 silly audit   'safe-array-concat': [ '1.1.3' ],
127 silly audit   reusify: [ '1.1.0' ],
127 silly audit   'set-function-name': [ '2.0.2' ],
127 silly audit   'set-function-length': [ '1.2.2' ],
127 silly audit   scheduler: [ '0.27.0' ],
127 silly audit   'shebang-command': [ '2.0.0' ],
127 silly audit   sharp: [ '0.34.5' ],
127 silly audit   'side-channel': [ '1.1.0' ],
127 silly audit   'side-channel-list': [ '1.0.0' ],
127 silly audit   'side-channel-weakmap': [ '1.0.2' ],
127 silly audit   'source-map-js': [ '1.2.1' ],
127 silly audit   'shebang-regex': [ '3.0.0' ],
127 silly audit   'stable-hash': [ '0.0.5' ],
127 silly audit   'string.prototype.matchall': [ '4.0.12' ],
127 silly audit   'string.prototype.repeat': [ '1.0.0' ],
127 silly audit   'string.prototype.includes': [ '2.0.1' ],
127 silly audit   'side-channel-map': [ '1.0.1' ],
127 silly audit   'string.prototype.trimend': [ '1.0.9' ],
127 silly audit   'strip-bom': [ '3.0.0' ],
127 silly audit   'styled-jsx': [ '5.1.6' ],
127 silly audit   'supports-preserve-symlinks-flag': [ '1.0.0' ],
127 silly audit   'to-regex-range': [ '5.0.1' ],
127 silly audit   'supports-color': [ '7.2.0' ],
127 silly audit   'strip-json-comments': [ '3.1.1' ],
127 silly audit   tinyglobby: [ '0.2.15' ],
127 silly audit   fdir: [ '6.5.0' ],
127 silly audit   tslib: [ '2.8.1' ],
127 silly audit   'tsconfig-paths': [ '3.15.0' ],
127 silly audit   'ts-api-utils': [ '2.4.0' ],
127 silly audit   'type-check': [ '0.4.0' ],
127 silly audit   'typescript-eslint': [ '8.53.0' ],
127 silly audit   'unrs-resolver': [ '1.11.1' ],
127 silly audit   'undici-types': [ '6.21.0' ],
127 silly audit   'uri-js': [ '4.4.1' ],
127 silly audit   which: [ '2.0.2' ],
127 silly audit   'word-wrap': [ '1.2.5' ],
127 silly audit   'update-browserslist-db': [ '1.2.3' ],
127 silly audit   'yocto-queue': [ '0.1.0' ],
127 silly audit   yallist: [ '3.1.1' ],
127 silly audit   'zod-validation-error': [ '4.0.2' ],
127 silly audit   '@babel/generator': [ '7.28.6' ],
127 silly audit   '@babel/core': [ '7.28.6' ],
127 silly audit   '@babel/code-frame': [ '7.28.6' ],
127 silly audit   '@babel/compat-data': [ '7.28.6' ],
127 silly audit   '@babel/helper-globals': [ '7.28.0' ],
127 silly audit   '@babel/helper-compilation-targets': [ '7.28.6' ],
127 silly audit   '@babel/helper-validator-option': [ '7.27.1' ],
127 silly audit   '@babel/helper-module-imports': [ '7.28.6' ],
127 silly audit   '@babel/helper-module-transforms': [ '7.28.6' ],
127 silly audit   '@babel/helpers': [ '7.28.6' ],
127 silly audit   '@babel/helper-validator-identifier': [ '7.28.5' ],
127 silly audit   '@babel/template': [ '7.28.6' ],
127 silly audit   '@babel/parser': [ '7.28.6' ],
127 silly audit   '@babel/traverse': [ '7.28.6' ],
127 silly audit   '@eslint/config-array': [ '0.21.1' ],
127 silly audit   '@eslint/config-helpers': [ '0.4.2' ],
127 silly audit   '@eslint/core': [ '0.17.0' ],
127 silly audit   '@eslint/eslintrc': [ '3.3.3' ],
127 silly audit   '@eslint/js': [ '9.39.2' ],
127 silly audit   '@eslint/plugin-kit': [ '0.4.1' ],
127 silly audit   '@eslint-community/regexpp': [ '4.12.2' ],
127 silly audit   '@humanwhocodes/module-importer': [ '1.0.1' ],
127 silly audit   '@eslint/object-schema': [ '2.1.7' ],
127 silly audit   '@eslint-community/eslint-utils': [ '4.9.1' ],
127 silly audit   '@humanfs/core': [ '0.19.1' ],
127 silly audit   '@humanfs/node': [ '0.16.7' ],
127 silly audit   '@img/sharp-linux-x64': [ '0.34.5' ],
127 silly audit   '@img/colour': [ '1.0.0' ],
127 silly audit   '@jridgewell/gen-mapping': [ '0.3.13' ],
127 silly audit   '@humanwhocodes/retry': [ '0.4.3' ],
127 silly audit   '@jridgewell/sourcemap-codec': [ '1.5.5' ],
127 silly audit   '@jridgewell/remapping': [ '2.3.5' ],
127 silly audit   '@jridgewell/resolve-uri': [ '3.1.2' ],
127 silly audit   '@next/env': [ '16.1.2' ],
127 silly audit   '@jridgewell/trace-mapping': [ '0.3.31' ],
127 silly audit   '@nodelib/fs.walk': [ '1.2.8' ],
127 silly audit   '@nodelib/fs.scandir': [ '2.1.5' ],
127 silly audit   '@next/swc-linux-x64-gnu': [ '16.1.2' ],
127 silly audit   '@nodelib/fs.stat': [ '2.0.5' ],
127 silly audit   '@rtsao/scc': [ '1.1.0' ],
127 silly audit   '@nolyfill/is-core-module': [ '1.0.39' ],
127 silly audit   '@next/eslint-plugin-next': [ '16.1.2' ],
127 silly audit   '@typescript-eslint/parser': [ '8.53.0' ],
127 silly audit   '@typescript-eslint/project-service': [ '8.53.0' ],
127 silly audit   '@typescript-eslint/types': [ '8.53.0' ],
127 silly audit   '@typescript-eslint/scope-manager': [ '8.53.0' ],
127 silly audit   '@typescript-eslint/tsconfig-utils': [ '8.53.0' ],
127 silly audit   '@typescript-eslint/typescript-estree': [ '8.53.0' ],
127 silly audit   '@unrs/resolver-binding-linux-x64-gnu': [ '1.11.1' ],
127 silly audit   '@typescript-eslint/visitor-keys': [ '8.53.0' ],
127 silly audit   '@types/estree': [ '1.0.8' ],
127 silly audit   '@typescript-eslint/utils': [ '8.53.0' ],
127 silly audit   '@types/json-schema': [ '7.0.15' ],
127 silly audit   '@types/react': [ '19.2.8' ],
127 silly audit   '@types/json5': [ '0.0.29' ],
127 silly audit   '@types/react-dom': [ '19.2.3' ],
127 silly audit   '@types/node': [ '20.19.30' ],
127 silly audit   web: [ '0.1.0' ],
127 silly audit   eslint: [ '9.39.2' ],
127 silly audit   next: [ '16.1.2' ],
127 silly audit   'react-dom': [ '19.2.3' ],
127 silly audit   typescript: [ '5.9.3' ],
127 silly audit   '@next/swc-darwin-arm64': [ '16.1.2' ],
127 silly audit   '@next/swc-darwin-x64': [ '16.1.2' ],
127 silly audit   '@next/swc-linux-arm64-gnu': [ '16.1.2' ],
127 silly audit   '@next/swc-linux-arm64-musl': [ '16.1.2' ],
127 silly audit   '@next/swc-linux-x64-musl': [ '16.1.2' ],
127 silly audit   '@next/swc-win32-arm64-msvc': [ '16.1.2' ],
127 silly audit   '@next/swc-win32-x64-msvc': [ '16.1.2' ],
127 silly audit   '@swc/helpers': [ '0.5.15' ],
127 silly audit   'caniuse-lite': [ '1.0.30001764' ]
127 silly audit }
128 verbose reify failed optional dependency /mnt/c/Users/matma/Documents/MyDigitalSchool/M1/OrigAMI/site/apps/web/node_modules/@next/swc-win32-x64-msvc
129 silly reify mark deleted [
129 silly reify   '/mnt/c/Users/matma/Documents/MyDigitalSchool/M1/OrigAMI/site/apps/web/node_modules/@next/swc-win32-x64-msvc'
129 silly reify ]
130 verbose reify failed optional dependency /mnt/c/Users/matma/Documents/MyDigitalSchool/M1/OrigAMI/site/apps/web/node_modules/@next/swc-win32-arm64-msvc
131 silly reify mark deleted [
131 silly reify   '/mnt/c/Users/matma/Documents/MyDigitalSchool/M1/OrigAMI/site/apps/web/node_modules/@next/swc-win32-arm64-msvc'
131 silly reify ]
132 verbose reify failed optional dependency /mnt/c/Users/matma/Documents/MyDigitalSchool/M1/OrigAMI/site/apps/web/node_modules/@next/swc-linux-x64-musl
133 silly reify mark deleted [
133 silly reify   '/mnt/c/Users/matma/Documents/MyDigitalSchool/M1/OrigAMI/site/apps/web/node_modules/@next/swc-linux-x64-musl'
133 silly reify ]
134 verbose reify failed optional dependency /mnt/c/Users/matma/Documents/MyDigitalSchool/M1/OrigAMI/site/apps/web/node_modules/@next/swc-linux-arm64-musl
135 silly reify mark deleted [
135 silly reify   '/mnt/c/Users/matma/Documents/MyDigitalSchool/M1/OrigAMI/site/apps/web/node_modules/@next/swc-linux-arm64-musl'
135 silly reify ]
136 verbose reify failed optional dependency /mnt/c/Users/matma/Documents/MyDigitalSchool/M1/OrigAMI/site/apps/web/node_modules/@next/swc-linux-arm64-gnu
137 silly reify mark deleted [
137 silly reify   '/mnt/c/Users/matma/Documents/MyDigitalSchool/M1/OrigAMI/site/apps/web/node_modules/@next/swc-linux-arm64-gnu'
137 silly reify ]
138 verbose reify failed optional dependency /mnt/c/Users/matma/Documents/MyDigitalSchool/M1/OrigAMI/site/apps/web/node_modules/@next/swc-darwin-x64
139 silly reify mark deleted [
139 silly reify   '/mnt/c/Users/matma/Documents/MyDigitalSchool/M1/OrigAMI/site/apps/web/node_modules/@next/swc-darwin-x64'
139 silly reify ]
140 verbose reify failed optional dependency /mnt/c/Users/matma/Documents/MyDigitalSchool/M1/OrigAMI/site/apps/web/node_modules/@next/swc-darwin-arm64
141 silly reify mark deleted [
141 silly reify   '/mnt/c/Users/matma/Documents/MyDigitalSchool/M1/OrigAMI/site/apps/web/node_modules/@next/swc-darwin-arm64'
141 silly reify ]
142 silly packumentCache corgi:https://registry.npmjs.org/update-browserslist-db cache-miss
143 silly packumentCache corgi:https://registry.npmjs.org/which cache-miss
144 silly packumentCache corgi:https://registry.npmjs.org/semver cache-miss
145 silly packumentCache corgi:https://registry.npmjs.org/nanoid cache-miss
146 silly packumentCache corgi:https://registry.npmjs.org/@babel%2fparser cache-miss
147 silly packumentCache corgi:https://registry.npmjs.org/json5 cache-miss
148 silly packumentCache corgi:https://registry.npmjs.org/jsesc cache-miss
149 silly packumentCache corgi:https://registry.npmjs.org/js-yaml cache-miss
150 silly packumentCache corgi:https://registry.npmjs.org/resolve cache-miss
151 silly packumentCache corgi:https://registry.npmjs.org/napi-postinstall cache-miss
152 silly packumentCache corgi:https://registry.npmjs.org/loose-envify cache-miss
153 silly packumentCache corgi:https://registry.npmjs.org/baseline-browser-mapping cache-miss
154 silly packumentCache corgi:https://registry.npmjs.org/browserslist cache-miss
155 silly packumentCache corgi:https://registry.npmjs.org/acorn cache-miss
156 silly packumentCache corgi:https://registry.npmjs.org/json5 cache-miss
157 silly packumentCache corgi:https://registry.npmjs.org/semver cache-miss
158 silly packumentCache corgi:https://registry.npmjs.org/semver cache-miss
159 silly packumentCache corgi:https://registry.npmjs.org/semver cache-miss
160 silly packumentCache corgi:https://registry.npmjs.org/resolve cache-miss
161 silly tarball no local data for react-dom@https://registry.npmjs.org/react-dom/-/react-dom-19.2.3.tgz. Extracting by manifest.
162 silly tarball no local data for caniuse-lite@https://registry.npmjs.org/caniuse-lite/-/caniuse-lite-1.0.30001764.tgz. Extracting by manifest.
163 silly tarball no local data for typescript@https://registry.npmjs.org/typescript/-/typescript-5.9.3.tgz. Extracting by manifest.
164 silly tarball no local data for eslint@https://registry.npmjs.org/eslint/-/eslint-9.39.2.tgz. Extracting by manifest.
165 silly tarball no local data for next@https://registry.npmjs.org/next/-/next-16.1.2.tgz. Extracting by manifest.
166 http fetch POST 200 https://registry.npmjs.org/-/npm/v1/security/advisories/bulk 561ms
167 silly audit report {}
168 http fetch GET 200 https://registry.npmjs.org/jsesc 1537ms (cache miss)
169 silly packumentCache corgi:https://registry.npmjs.org/jsesc set size:undefined disposed:false
170 http fetch GET 200 https://registry.npmjs.org/semver 1651ms (cache miss)
171 silly packumentCache corgi:https://registry.npmjs.org/semver set size:undefined disposed:false
172 http fetch GET 200 https://registry.npmjs.org/loose-envify 1662ms (cache miss)
173 silly packumentCache corgi:https://registry.npmjs.org/loose-envify set size:undefined disposed:false
174 http fetch GET 200 https://registry.npmjs.org/semver 1633ms (cache miss)
175 silly packumentCache corgi:https://registry.npmjs.org/semver set size:undefined disposed:false
176 http fetch GET 200 https://registry.npmjs.org/semver 1669ms (cache miss)
177 silly packumentCache corgi:https://registry.npmjs.org/semver set size:undefined disposed:false
178 http fetch GET 200 https://registry.npmjs.org/js-yaml 1773ms (cache miss)
179 silly packumentCache corgi:https://registry.npmjs.org/js-yaml set size:undefined disposed:false
180 http fetch GET 200 https://registry.npmjs.org/nanoid 1806ms (cache miss)
181 silly packumentCache corgi:https://registry.npmjs.org/nanoid set size:undefined disposed:false
182 http fetch GET 200 https://registry.npmjs.org/resolve 1973ms (cache miss)
183 silly packumentCache corgi:https://registry.npmjs.org/resolve set size:undefined disposed:false
184 http fetch GET 200 https://registry.npmjs.org/acorn 2046ms (cache miss)
185 silly packumentCache corgi:https://registry.npmjs.org/acorn set size:undefined disposed:false
186 http fetch GET 200 https://registry.npmjs.org/napi-postinstall 2119ms (cache miss)
187 silly packumentCache corgi:https://registry.npmjs.org/napi-postinstall set size:undefined disposed:false
188 http fetch GET 200 https://registry.npmjs.org/jsesc/-/jsesc-3.1.0.tgz 617ms (cache hit)
189 http fetch GET 200 https://registry.npmjs.org/update-browserslist-db 2191ms (cache miss)
190 silly packumentCache corgi:https://registry.npmjs.org/update-browserslist-db set size:undefined disposed:false
191 http fetch GET 200 https://registry.npmjs.org/json5 2198ms (cache miss)
192 silly packumentCache corgi:https://registry.npmjs.org/json5 set size:undefined disposed:false
193 http fetch GET 200 https://registry.npmjs.org/which 2226ms (cache miss)
194 silly packumentCache corgi:https://registry.npmjs.org/which set size:undefined disposed:false
195 http fetch GET 200 https://registry.npmjs.org/json5 2251ms (cache miss)
196 silly packumentCache corgi:https://registry.npmjs.org/json5 set size:undefined disposed:false
197 http fetch GET 200 https://registry.npmjs.org/semver/-/semver-6.3.1.tgz 673ms (cache hit)
198 http fetch GET 200 https://registry.npmjs.org/loose-envify/-/loose-envify-1.4.0.tgz 690ms (cache hit)
199 http fetch GET 200 https://registry.npmjs.org/semver/-/semver-7.7.3.tgz 701ms (cache hit)
200 http fetch GET 200 https://registry.npmjs.org/baseline-browser-mapping 2418ms (cache miss)
201 silly packumentCache corgi:https://registry.npmjs.org/baseline-browser-mapping set size:undefined disposed:false
202 http fetch GET 200 https://registry.npmjs.org/semver/-/semver-7.7.3.tgz 761ms (cache hit)
203 http fetch GET 200 https://registry.npmjs.org/js-yaml/-/js-yaml-4.1.1.tgz 786ms (cache hit)
204 http fetch GET 200 https://registry.npmjs.org/nanoid/-/nanoid-3.3.11.tgz 792ms (cache hit)
205 http fetch GET 200 https://registry.npmjs.org/semver 2750ms (cache miss)
206 silly packumentCache corgi:https://registry.npmjs.org/semver set size:undefined disposed:false
207 http fetch GET 200 https://registry.npmjs.org/resolve 2849ms (cache miss)
208 silly packumentCache corgi:https://registry.npmjs.org/resolve set size:undefined disposed:false
209 http fetch GET 200 https://registry.npmjs.org/@babel%2fparser 3098ms (cache miss)
210 silly packumentCache corgi:https://registry.npmjs.org/@babel%2fparser set size:undefined disposed:false
211 http fetch GET 200 https://registry.npmjs.org/resolve/-/resolve-2.0.0-next.5.tgz 1075ms (cache hit)
212 http fetch GET 200 https://registry.npmjs.org/acorn/-/acorn-8.15.0.tgz 1082ms (cache hit)
213 http fetch GET 200 https://registry.npmjs.org/napi-postinstall/-/napi-postinstall-0.3.4.tgz 1094ms (cache hit)
214 http fetch GET 200 https://registry.npmjs.org/update-browserslist-db/-/update-browserslist-db-1.2.3.tgz 1096ms (cache hit)
215 http fetch GET 200 https://registry.npmjs.org/json5/-/json5-2.2.3.tgz 1090ms (cache hit)
216 http fetch GET 200 https://registry.npmjs.org/which/-/which-2.0.2.tgz 1093ms (cache hit)
217 http fetch GET 200 https://registry.npmjs.org/json5/-/json5-1.0.2.tgz 1128ms (cache hit)
218 http fetch GET 200 https://registry.npmjs.org/baseline-browser-mapping/-/baseline-browser-mapping-2.9.14.tgz 1181ms (cache hit)
219 http fetch GET 200 https://registry.npmjs.org/semver/-/semver-7.7.3.tgz 1091ms (cache hit)
220 http fetch GET 200 https://registry.npmjs.org/resolve/-/resolve-1.22.11.tgz 1066ms (cache hit)
221 http fetch GET 200 https://registry.npmjs.org/browserslist 4093ms (cache miss)
222 silly packumentCache corgi:https://registry.npmjs.org/browserslist set size:undefined disposed:false
223 http fetch GET 200 https://registry.npmjs.org/@babel/parser/-/parser-7.28.6.tgz 1115ms (cache hit)
224 http fetch GET 200 https://registry.npmjs.org/browserslist/-/browserslist-4.28.1.tgz 859ms (cache hit)
225 http fetch GET 200 https://registry.npmjs.org/react-dom/-/react-dom-19.2.3.tgz 9091ms (cache miss)
226 http fetch GET 200 https://registry.npmjs.org/eslint/-/eslint-9.39.2.tgz 13161ms (cache miss)
227 http fetch GET 200 https://registry.npmjs.org/caniuse-lite/-/caniuse-lite-1.0.30001764.tgz 15603ms (cache miss)
228 http fetch GET 200 https://registry.npmjs.org/typescript/-/typescript-5.9.3.tgz 15951ms (cache miss)
229 http fetch GET 200 https://registry.npmjs.org/next/-/next-16.1.2.tgz 113520ms (cache miss)
230 silly ADD apps/web/node_modules/caniuse-lite
231 silly ADD apps/web/node_modules/@swc/helpers
232 silly ADD
233 silly ADD
234 silly ADD
235 silly ADD
236 silly ADD
237 silly ADD
238 silly ADD
239 silly ADD apps/web/node_modules/typescript
240 silly ADD apps/web/node_modules/react-dom
241 silly ADD apps/web/node_modules/next
242 silly ADD apps/web/node_modules/eslint
243 silly CHANGE node_modules/@typescript-eslint/typescript-estree/node_modules/semver
244 silly CHANGE node_modules/@babel/parser
245 silly CHANGE node_modules/which
246 silly CHANGE node_modules/update-browserslist-db
247 silly CHANGE node_modules/tsconfig-paths/node_modules/json5
248 silly CHANGE node_modules/sharp/node_modules/semver
249 silly CHANGE node_modules/semver
250 silly CHANGE node_modules/resolve
251 silly CHANGE node_modules/nanoid
252 silly CHANGE node_modules/napi-postinstall
253 silly CHANGE node_modules/loose-envify
254 silly CHANGE node_modules/json5
255 silly CHANGE node_modules/jsesc
256 silly CHANGE node_modules/js-yaml
257 silly CHANGE node_modules/is-bun-module/node_modules/semver
258 silly CHANGE node_modules/eslint-plugin-react/node_modules/resolve
259 silly CHANGE node_modules/browserslist
260 silly CHANGE node_modules/baseline-browser-mapping
261 silly CHANGE node_modules/acorn
262 silly REMOVE node_modules/@typescript-eslint/eslint-plugin/node_modules/ignore
263 silly REMOVE node_modules/react-dom
264 silly REMOVE node_modules/next
265 verbose cwd /mnt/c/Users/matma/Documents/MyDigitalSchool/M1/OrigAMI/site/apps/web
266 verbose os Linux 5.15.167.4-microsoft-standard-WSL2
267 verbose node v20.17.0
268 verbose npm  v10.8.2
269 verbose exit 0
270 info ok
