0 verbose cli /home/mathieu/.nvm/versions/node/v20.17.0/bin/node /home/mathieu/.nvm/versions/node/v20.17.0/bin/npm
1 info using npm@10.8.2
2 info using node@v20.17.0
3 silly config load:file:/home/mathieu/.nvm/versions/node/v20.17.0/lib/node_modules/npm/npmrc
4 info config found workspace root at /mnt/c/Users/matma/Documents/MyDigitalSchool/M1/OrigAMI/site
5 silly config load:file:/mnt/c/Users/matma/Documents/MyDigitalSchool/M1/OrigAMI/site/.npmrc
6 silly config load:file:/home/mathieu/.npmrc
7 silly config load:file:/home/mathieu/.nvm/versions/node/v20.17.0/etc/npmrc
8 verbose title npm install
9 verbose argv "install" "--loglevel" "silent"
10 verbose logfile logs-max:10 dir:/mnt/c/Users/matma/Documents/MyDigitalSchool/M1/OrigAMI/site/.npm-cache/_logs/2026-01-16T13_10_22_917Z-
11 verbose logfile /mnt/c/Users/matma/Documents/MyDigitalSchool/M1/OrigAMI/site/.npm-cache/_logs/2026-01-16T13_10_22_917Z-debug-0.log
12 silly logfile start cleaning logs, removing 1 files
13 silly logfile done cleaning log files
14 silly packumentCache heap:2106327040 maxSize:526581760 maxEntrySize:263290880
15 warn workspaces api in filter set, but no workspace folder present
16 silly idealTree buildDeps
17 silly placeDep ROOT api@0.0.1 OK for:  want: file:/mnt/c/Users/matma/Documents/MyDigitalSchool/M1/OrigAMI/site/apps/api
18 silly fetch manifest @nestjs/common@^11.0.1
19 silly packumentCache full:https://registry.npmjs.org/@nestjs%2fcommon cache-miss
20 http fetch GET 200 https://registry.npmjs.org/@nestjs%2fcommon 568ms (cache miss)
21 silly packumentCache full:https://registry.npmjs.org/@nestjs%2fcommon set size:undefined disposed:false
22 silly fetch manifest class-transformer@>=0.4.1
23 silly packumentCache full:https://registry.npmjs.org/class-transformer cache-miss
24 http fetch GET 200 https://registry.npmjs.org/class-transformer 238ms (cache miss)
25 silly packumentCache full:https://registry.npmjs.org/class-transformer set size:undefined disposed:false
26 silly fetch manifest class-validator@>=0.13.2
27 silly packumentCache full:https://registry.npmjs.org/class-validator cache-miss
28 http fetch GET 200 https://registry.npmjs.org/class-validator 210ms (cache miss)
29 silly packumentCache full:https://registry.npmjs.org/class-validator set size:undefined disposed:false
30 silly fetch manifest reflect-metadata@^0.2.2
31 silly packumentCache full:https://registry.npmjs.org/reflect-metadata cache-miss
32 http fetch GET 200 https://registry.npmjs.org/reflect-metadata 174ms (cache miss)
33 silly packumentCache full:https://registry.npmjs.org/reflect-metadata set size:undefined disposed:false
34 silly fetch manifest rxjs@^7.8.1
35 silly packumentCache full:https://registry.npmjs.org/rxjs cache-miss
36 http fetch GET 200 https://registry.npmjs.org/rxjs 117ms (cache hit)
37 silly packumentCache full:https://registry.npmjs.org/rxjs set size:980097 disposed:false
38 silly fetch manifest @nestjs/core@^11.0.1
39 silly packumentCache full:https://registry.npmjs.org/@nestjs%2fcore cache-miss
40 http fetch GET 200 https://registry.npmjs.org/@nestjs%2fcore 313ms (cache miss)
41 silly packumentCache full:https://registry.npmjs.org/@nestjs%2fcore set size:undefined disposed:false
42 silly fetch manifest @nestjs/microservices@^11.0.0
43 silly packumentCache full:https://registry.npmjs.org/@nestjs%2fmicroservices cache-miss
44 http fetch GET 200 https://registry.npmjs.org/@nestjs%2fmicroservices 246ms (cache miss)
45 silly packumentCache full:https://registry.npmjs.org/@nestjs%2fmicroservices set size:undefined disposed:false
46 silly fetch manifest @grpc/grpc-js@*
47 silly packumentCache full:https://registry.npmjs.org/@grpc%2fgrpc-js cache-miss
48 http fetch GET 200 https://registry.npmjs.org/@grpc%2fgrpc-js 222ms (cache miss)
49 silly packumentCache full:https://registry.npmjs.org/@grpc%2fgrpc-js set size:undefined disposed:false
50 silly fetch manifest @nestjs/websockets@^11.0.0
51 silly packumentCache full:https://registry.npmjs.org/@nestjs%2fwebsockets cache-miss
52 http fetch GET 200 https://registry.npmjs.org/@nestjs%2fwebsockets 729ms (cache miss)
53 silly packumentCache full:https://registry.npmjs.org/@nestjs%2fwebsockets set size:undefined disposed:false
54 silly fetch manifest @nestjs/platform-socket.io@^11.0.0
55 silly packumentCache full:https://registry.npmjs.org/@nestjs%2fplatform-socket.io cache-miss
56 http fetch GET 200 https://registry.npmjs.org/@nestjs%2fplatform-socket.io 734ms (cache miss)
57 silly packumentCache full:https://registry.npmjs.org/@nestjs%2fplatform-socket.io set size:undefined disposed:false
58 silly fetch manifest amqp-connection-manager@*
59 silly packumentCache full:https://registry.npmjs.org/amqp-connection-manager cache-miss
60 http fetch GET 200 https://registry.npmjs.org/amqp-connection-manager 577ms (cache miss)
61 silly packumentCache full:https://registry.npmjs.org/amqp-connection-manager set size:undefined disposed:false
62 silly fetch manifest amqplib@*
63 silly packumentCache full:https://registry.npmjs.org/amqplib cache-miss
64 http fetch GET 200 https://registry.npmjs.org/amqplib 229ms (cache miss)
65 silly packumentCache full:https://registry.npmjs.org/amqplib set size:undefined disposed:false
66 silly fetch manifest cache-manager@*
67 silly packumentCache full:https://registry.npmjs.org/cache-manager cache-miss
68 http fetch GET 200 https://registry.npmjs.org/cache-manager 172ms (cache miss)
69 silly packumentCache full:https://registry.npmjs.org/cache-manager set size:undefined disposed:false
70 silly fetch manifest ioredis@*
71 silly packumentCache full:https://registry.npmjs.org/ioredis cache-miss
72 http fetch GET 200 https://registry.npmjs.org/ioredis 298ms (cache miss)
73 silly packumentCache full:https://registry.npmjs.org/ioredis set size:undefined disposed:false
74 silly fetch manifest kafkajs@*
75 silly packumentCache full:https://registry.npmjs.org/kafkajs cache-miss
76 http fetch GET 200 https://registry.npmjs.org/kafkajs 425ms (cache miss)
77 silly packumentCache full:https://registry.npmjs.org/kafkajs set size:undefined disposed:false
78 silly fetch manifest mqtt@*
79 silly packumentCache full:https://registry.npmjs.org/mqtt cache-miss
80 http fetch GET 200 https://registry.npmjs.org/mqtt 261ms (cache miss)
81 silly packumentCache full:https://registry.npmjs.org/mqtt set size:undefined disposed:false
82 silly fetch manifest nats@*
83 silly packumentCache full:https://registry.npmjs.org/nats cache-miss
84 http fetch GET 200 https://registry.npmjs.org/nats 404ms (cache miss)
85 silly packumentCache full:https://registry.npmjs.org/nats set size:undefined disposed:false
86 silly fetch manifest @nestjs/platform-express@^11.0.1
87 silly packumentCache full:https://registry.npmjs.org/@nestjs%2fplatform-express cache-miss
88 http fetch GET 200 https://registry.npmjs.org/@nestjs%2fplatform-express 250ms (cache miss)
89 silly packumentCache full:https://registry.npmjs.org/@nestjs%2fplatform-express set size:undefined disposed:false
90 silly fetch manifest @nestjs/cli@^11.0.0
91 silly packumentCache full:https://registry.npmjs.org/@nestjs%2fcli cache-miss
92 http fetch GET 200 https://registry.npmjs.org/@nestjs%2fcli 124ms (cache hit)
93 silly packumentCache full:https://registry.npmjs.org/@nestjs%2fcli set size:913872 disposed:false
94 silly fetch manifest @swc/cli@^0.1.62 || ^0.3.0 || ^0.4.0 || ^0.5.0 || ^0.6.0 || ^0.7.0
95 silly packumentCache full:https://registry.npmjs.org/@swc%2fcli cache-miss
96 http fetch GET 200 https://registry.npmjs.org/@swc%2fcli 123ms (cache hit)
97 silly packumentCache full:https://registry.npmjs.org/@swc%2fcli set size:239923 disposed:false
98 silly fetch manifest @swc/core@^1.2.66
99 silly packumentCache full:https://registry.npmjs.org/@swc%2fcore cache-miss
100 http fetch GET 200 https://registry.npmjs.org/@swc%2fcore 155ms (cache hit)
101 silly packumentCache full:https://registry.npmjs.org/@swc%2fcore set size:3897881 disposed:false
102 silly fetch manifest @swc/helpers@>=0.5.17
103 silly packumentCache full:https://registry.npmjs.org/@swc%2fhelpers cache-miss
104 http fetch GET 200 https://registry.npmjs.org/@swc%2fhelpers 145ms (cache hit)
105 silly packumentCache full:https://registry.npmjs.org/@swc%2fhelpers set size:655395 disposed:false
106 silly fetch manifest chokidar@^4.0.1
107 silly packumentCache full:https://registry.npmjs.org/chokidar cache-miss
108 http fetch GET 200 https://registry.npmjs.org/chokidar 122ms (cache hit)
109 silly packumentCache full:https://registry.npmjs.org/chokidar set size:255902 disposed:false
110 silly fetch manifest @nestjs/schematics@^11.0.0
111 silly packumentCache full:https://registry.npmjs.org/@nestjs%2fschematics cache-miss
112 http fetch GET 200 https://registry.npmjs.org/@nestjs%2fschematics 182ms (cache hit)
113 silly packumentCache full:https://registry.npmjs.org/@nestjs%2fschematics set size:506707 disposed:false
114 silly fetch manifest typescript@^5.7.3
115 silly packumentCache full:https://registry.npmjs.org/typescript cache-miss
116 http fetch GET 200 https://registry.npmjs.org/typescript 358ms (cache hit)
117 silly packumentCache full:https://registry.npmjs.org/typescript set size:15133370 disposed:false
118 silly fetch manifest @nestjs/testing@^11.0.1
119 silly packumentCache full:https://registry.npmjs.org/@nestjs%2ftesting cache-miss
120 http fetch GET 200 https://registry.npmjs.org/@nestjs%2ftesting 517ms (cache miss)
121 silly packumentCache full:https://registry.npmjs.org/@nestjs%2ftesting set size:undefined disposed:false
122 silly fetch manifest @types/express@^5.0.0
123 silly packumentCache full:https://registry.npmjs.org/@types%2fexpress cache-miss
124 http fetch GET 200 https://registry.npmjs.org/@types%2fexpress 193ms (cache miss)
125 silly packumentCache full:https://registry.npmjs.org/@types%2fexpress set size:undefined disposed:false
126 silly fetch manifest @types/jest@^30.0.0
127 silly packumentCache full:https://registry.npmjs.org/@types%2fjest cache-miss
128 http fetch GET 200 https://registry.npmjs.org/@types%2fjest 408ms (cache miss)
129 silly packumentCache full:https://registry.npmjs.org/@types%2fjest set size:undefined disposed:false
130 silly fetch manifest @types/node@^22.10.7
131 silly packumentCache full:https://registry.npmjs.org/@types%2fnode cache-miss
132 http fetch GET 200 https://registry.npmjs.org/@types%2fnode 238ms (cache hit)
133 silly packumentCache full:https://registry.npmjs.org/@types%2fnode set size:10797446 disposed:false
134 silly fetch manifest @types/supertest@^6.0.2
135 silly packumentCache full:https://registry.npmjs.org/@types%2fsupertest cache-miss
136 http fetch GET 200 https://registry.npmjs.org/@types%2fsupertest 310ms (cache miss)
137 silly packumentCache full:https://registry.npmjs.org/@types%2fsupertest set size:undefined disposed:false
138 silly fetch manifest eslint@^9.18.0
139 silly packumentCache full:https://registry.npmjs.org/eslint cache-miss
140 http fetch GET 200 https://registry.npmjs.org/eslint 818ms (cache revalidated)
141 silly packumentCache full:https://registry.npmjs.org/eslint set size:1886875 disposed:false
142 silly fetch manifest jiti@*
143 silly packumentCache full:https://registry.npmjs.org/jiti cache-miss
144 http fetch GET 200 https://registry.npmjs.org/jiti 414ms (cache revalidated)
145 silly packumentCache full:https://registry.npmjs.org/jiti set size:382310 disposed:false
146 silly fetch manifest eslint-config-prettier@^10.0.1
147 silly packumentCache full:https://registry.npmjs.org/eslint-config-prettier cache-miss
148 http fetch GET 200 https://registry.npmjs.org/eslint-config-prettier 396ms (cache miss)
149 silly packumentCache full:https://registry.npmjs.org/eslint-config-prettier set size:undefined disposed:false
150 silly fetch manifest eslint-plugin-prettier@^5.2.2
151 silly packumentCache full:https://registry.npmjs.org/eslint-plugin-prettier cache-miss
152 http fetch GET 200 https://registry.npmjs.org/eslint-plugin-prettier 179ms (cache miss)
153 silly packumentCache full:https://registry.npmjs.org/eslint-plugin-prettier set size:undefined disposed:false
154 silly fetch manifest @types/eslint@>=8.0.0
155 silly packumentCache full:https://registry.npmjs.org/@types%2feslint cache-miss
156 http fetch GET 200 https://registry.npmjs.org/@types%2feslint 94ms (cache hit)
157 silly packumentCache full:https://registry.npmjs.org/@types%2feslint set size:220085 disposed:false
158 silly fetch manifest prettier@^3.4.2
159 silly packumentCache full:https://registry.npmjs.org/prettier cache-miss
160 http fetch GET 200 https://registry.npmjs.org/prettier 202ms (cache miss)
161 silly packumentCache full:https://registry.npmjs.org/prettier set size:undefined disposed:false
162 silly fetch manifest globals@^16.0.0
163 silly packumentCache full:https://registry.npmjs.org/globals cache-miss
164 http fetch GET 200 https://registry.npmjs.org/globals 248ms (cache revalidated)
165 silly packumentCache full:https://registry.npmjs.org/globals set size:293859 disposed:false
166 silly fetch manifest jest@^30.0.0
167 silly packumentCache full:https://registry.npmjs.org/jest cache-miss
168 http fetch GET 200 https://registry.npmjs.org/jest 342ms (cache miss)
169 silly packumentCache full:https://registry.npmjs.org/jest set size:undefined disposed:false
170 silly fetch manifest node-notifier@^8.0.1 || ^9.0.0 || ^10.0.0
171 silly packumentCache full:https://registry.npmjs.org/node-notifier cache-miss
172 http fetch GET 200 https://registry.npmjs.org/node-notifier 205ms (cache miss)
173 silly packumentCache full:https://registry.npmjs.org/node-notifier set size:undefined disposed:false
174 silly fetch manifest source-map-support@^0.5.21
175 silly packumentCache full:https://registry.npmjs.org/source-map-support cache-miss
176 http fetch GET 200 https://registry.npmjs.org/source-map-support 104ms (cache hit)
177 silly packumentCache full:https://registry.npmjs.org/source-map-support set size:125488 disposed:false
178 silly fetch manifest supertest@^7.0.0
179 silly packumentCache full:https://registry.npmjs.org/supertest cache-miss
180 http fetch GET 200 https://registry.npmjs.org/supertest 202ms (cache miss)
181 silly packumentCache full:https://registry.npmjs.org/supertest set size:undefined disposed:false
182 silly fetch manifest ts-jest@^29.2.5
183 silly packumentCache full:https://registry.npmjs.org/ts-jest cache-miss
184 http fetch GET 200 https://registry.npmjs.org/ts-jest 291ms (cache miss)
185 silly packumentCache full:https://registry.npmjs.org/ts-jest set size:undefined disposed:false
186 silly fetch manifest @babel/core@>=7.0.0-beta.0 <8
187 silly packumentCache full:https://registry.npmjs.org/@babel%2fcore cache-miss
188 http fetch GET 200 https://registry.npmjs.org/@babel%2fcore 214ms (cache revalidated)
189 silly packumentCache full:https://registry.npmjs.org/@babel%2fcore set size:745002 disposed:false
190 silly fetch manifest @jest/transform@^29.0.0 || ^30.0.0
191 silly packumentCache full:https://registry.npmjs.org/@jest%2ftransform cache-miss
192 http fetch GET 200 https://registry.npmjs.org/@jest%2ftransform 192ms (cache miss)
193 silly packumentCache full:https://registry.npmjs.org/@jest%2ftransform set size:undefined disposed:false
194 silly fetch manifest @jest/types@^29.0.0 || ^30.0.0
195 silly packumentCache full:https://registry.npmjs.org/@jest%2ftypes cache-miss
196 http fetch GET 200 https://registry.npmjs.org/@jest%2ftypes 247ms (cache miss)
197 silly packumentCache full:https://registry.npmjs.org/@jest%2ftypes set size:undefined disposed:false
198 silly fetch manifest babel-jest@^29.0.0 || ^30.0.0
199 silly packumentCache full:https://registry.npmjs.org/babel-jest cache-miss
200 http fetch GET 200 https://registry.npmjs.org/babel-jest 158ms (cache miss)
201 silly packumentCache full:https://registry.npmjs.org/babel-jest set size:undefined disposed:false
202 silly fetch manifest jest-util@^29.0.0 || ^30.0.0
203 silly packumentCache full:https://registry.npmjs.org/jest-util cache-miss
204 http fetch GET 200 https://registry.npmjs.org/jest-util 259ms (cache miss)
205 silly packumentCache full:https://registry.npmjs.org/jest-util set size:undefined disposed:false
206 silly fetch manifest ts-loader@^9.5.2
207 silly packumentCache full:https://registry.npmjs.org/ts-loader cache-miss
208 http fetch GET 200 https://registry.npmjs.org/ts-loader 245ms (cache miss)
209 silly packumentCache full:https://registry.npmjs.org/ts-loader set size:undefined disposed:false
210 silly fetch manifest webpack@^5.0.0
211 silly packumentCache full:https://registry.npmjs.org/webpack cache-miss
212 http fetch GET 200 https://registry.npmjs.org/webpack 168ms (cache hit)
213 silly packumentCache full:https://registry.npmjs.org/webpack set size:4926367 disposed:false
214 silly fetch manifest ts-node@^10.9.2
215 silly packumentCache full:https://registry.npmjs.org/ts-node cache-miss
216 http fetch GET 200 https://registry.npmjs.org/ts-node 218ms (cache miss)
217 silly packumentCache full:https://registry.npmjs.org/ts-node set size:undefined disposed:false
218 silly fetch manifest @swc/core@>=1.2.50
219 silly packumentCache full:https://registry.npmjs.org/@swc%2fcore cache-miss
220 http fetch GET 200 https://registry.npmjs.org/@swc%2fcore 230ms (cache hit)
221 silly packumentCache full:https://registry.npmjs.org/@swc%2fcore set size:3897881 disposed:false
222 silly fetch manifest @swc/wasm@>=1.2.50
223 silly packumentCache full:https://registry.npmjs.org/@swc%2fwasm cache-miss
224 http fetch GET 200 https://registry.npmjs.org/@swc%2fwasm 362ms (cache miss)
225 silly packumentCache full:https://registry.npmjs.org/@swc%2fwasm set size:undefined disposed:false
226 silly fetch manifest tsconfig-paths@^4.2.0
227 silly packumentCache full:https://registry.npmjs.org/tsconfig-paths cache-miss
228 http fetch GET 200 https://registry.npmjs.org/tsconfig-paths 90ms (cache hit)
229 silly packumentCache full:https://registry.npmjs.org/tsconfig-paths set size:192565 disposed:false
230 silly placeDep ROOT @nestjs/cli@11.0.16 OK for: api@0.0.1 want: ^11.0.0
231 silly placeDep ROOT @nestjs/common@11.1.12 OK for: api@0.0.1 want: ^11.0.1
232 silly placeDep ROOT reflect-metadata@0.2.2 OK for: @nestjs/common@11.1.12 want: ^0.1.12 || ^0.2.0
233 silly placeDep ROOT rxjs@7.8.2 OK for: @nestjs/common@11.1.12 want: ^7.1.0
234 silly placeDep ROOT @nestjs/core@11.1.12 OK for: api@0.0.1 want: ^11.0.1
235 silly placeDep ROOT @nestjs/platform-express@11.1.12 OK for: api@0.0.1 want: ^11.0.1
236 silly placeDep ROOT @nestjs/schematics@11.0.9 OK for: api@0.0.1 want: ^11.0.0
237 silly placeDep ROOT typescript@5.9.3 REPLACE for: @nestjs/schematics@11.0.9 want: >=4.8.2
238 silly placeDep ROOT @nestjs/testing@11.1.12 OK for: api@0.0.1 want: ^11.0.1
239 silly placeDep ROOT @types/express@5.0.6 OK for: api@0.0.1 want: ^5.0.0
240 silly placeDep ROOT @types/jest@30.0.0 OK for: api@0.0.1 want: ^30.0.0
241 silly placeDep apps/api @types/node@22.19.7 OK for: api@0.0.1 want: ^22.10.7
242 silly placeDep ROOT @types/supertest@6.0.3 OK for: api@0.0.1 want: ^6.0.2
243 silly placeDep apps/api eslint@9.39.2 OK for: api@0.0.1 want: ^9.18.0
244 silly placeDep ROOT eslint-config-prettier@10.1.8 OK for: api@0.0.1 want: ^10.0.1
245 silly placeDep ROOT eslint@9.39.2 REPLACE for: eslint-config-prettier@10.1.8 want: >=7.0.0
246 silly placeDep ROOT eslint-plugin-prettier@5.5.5 OK for: api@0.0.1 want: ^5.2.2
247 silly placeDep ROOT prettier@3.8.0 OK for: eslint-plugin-prettier@5.5.5 want: >=3.0.0
248 silly placeDep apps/api globals@16.5.0 OK for: api@0.0.1 want: ^16.0.0
249 silly placeDep ROOT jest@30.2.0 OK for: api@0.0.1 want: ^30.0.0
250 silly placeDep ROOT source-map-support@0.5.21 OK for: api@0.0.1 want: ^0.5.21
251 silly placeDep ROOT supertest@7.2.2 OK for: api@0.0.1 want: ^7.0.0
252 silly placeDep ROOT ts-jest@29.4.6 OK for: api@0.0.1 want: ^29.2.5
253 silly placeDep ROOT ts-loader@9.5.4 OK for: api@0.0.1 want: ^9.5.2
254 silly placeDep ROOT webpack@5.104.1 OK for: ts-loader@9.5.4 want: ^5.0.0
255 silly placeDep ROOT ts-node@10.9.2 OK for: api@0.0.1 want: ^10.9.2
256 silly placeDep apps/api tsconfig-paths@4.2.0 OK for: api@0.0.1 want: ^4.2.0
257 silly fetch manifest @angular-devkit/core@19.2.19
258 silly packumentCache full:https://registry.npmjs.org/@angular-devkit%2fcore cache-miss
259 http fetch GET 200 https://registry.npmjs.org/@angular-devkit%2fcore 144ms (cache hit)
260 silly packumentCache full:https://registry.npmjs.org/@angular-devkit%2fcore set size:2240704 disposed:false
261 silly fetch manifest @angular-devkit/schematics@19.2.19
262 silly packumentCache full:https://registry.npmjs.org/@angular-devkit%2fschematics cache-miss
263 http fetch GET 200 https://registry.npmjs.org/@angular-devkit%2fschematics 196ms (cache hit)
264 silly packumentCache full:https://registry.npmjs.org/@angular-devkit%2fschematics set size:2218802 disposed:false
265 silly fetch manifest @angular-devkit/schematics-cli@19.2.19
266 silly packumentCache full:https://registry.npmjs.org/@angular-devkit%2fschematics-cli cache-miss
267 http fetch GET 200 https://registry.npmjs.org/@angular-devkit%2fschematics-cli 138ms (cache hit)
268 silly packumentCache full:https://registry.npmjs.org/@angular-devkit%2fschematics-cli set size:2244725 disposed:false
269 silly fetch manifest @inquirer/prompts@7.10.1
270 silly packumentCache full:https://registry.npmjs.org/@inquirer%2fprompts cache-miss
271 http fetch GET 200 https://registry.npmjs.org/@inquirer%2fprompts 92ms (cache hit)
272 silly packumentCache full:https://registry.npmjs.org/@inquirer%2fprompts set size:300040 disposed:false
273 silly fetch manifest @nestjs/schematics@^11.0.1
274 silly packumentCache full:https://registry.npmjs.org/@nestjs%2fschematics cache-hit
275 silly fetch manifest ansis@4.2.0
276 silly packumentCache full:https://registry.npmjs.org/ansis cache-miss
277 http fetch GET 200 https://registry.npmjs.org/ansis 90ms (cache hit)
278 silly packumentCache full:https://registry.npmjs.org/ansis set size:213062 disposed:false
279 silly fetch manifest chokidar@4.0.3
280 silly packumentCache full:https://registry.npmjs.org/chokidar cache-hit
281 silly fetch manifest cli-table3@0.6.5
282 silly packumentCache full:https://registry.npmjs.org/cli-table3 cache-miss
283 http fetch GET 200 https://registry.npmjs.org/cli-table3 79ms (cache hit)
284 silly packumentCache full:https://registry.npmjs.org/cli-table3 set size:40139 disposed:false
285 silly fetch manifest commander@4.1.1
286 silly packumentCache full:https://registry.npmjs.org/commander cache-miss
287 http fetch GET 200 https://registry.npmjs.org/commander 105ms (cache hit)
288 silly packumentCache full:https://registry.npmjs.org/commander set size:345426 disposed:false
289 silly fetch manifest fork-ts-checker-webpack-plugin@9.1.0
290 silly packumentCache full:https://registry.npmjs.org/fork-ts-checker-webpack-plugin cache-miss
291 http fetch GET 200 https://registry.npmjs.org/fork-ts-checker-webpack-plugin 116ms (cache hit)
292 silly packumentCache full:https://registry.npmjs.org/fork-ts-checker-webpack-plugin set size:1092702 disposed:false
293 silly fetch manifest glob@13.0.0
294 silly packumentCache full:https://registry.npmjs.org/glob cache-miss
295 http fetch GET 200 https://registry.npmjs.org/glob 107ms (cache hit)
296 silly packumentCache full:https://registry.npmjs.org/glob set size:415427 disposed:false
297 silly fetch manifest node-emoji@1.11.0
298 silly packumentCache full:https://registry.npmjs.org/node-emoji cache-miss
299 http fetch GET 200 https://registry.npmjs.org/node-emoji 129ms (cache hit)
300 silly packumentCache full:https://registry.npmjs.org/node-emoji set size:88366 disposed:false
301 silly fetch manifest ora@5.4.1
302 silly packumentCache full:https://registry.npmjs.org/ora cache-miss
303 http fetch GET 200 https://registry.npmjs.org/ora 99ms (cache hit)
304 silly packumentCache full:https://registry.npmjs.org/ora set size:134628 disposed:false
305 silly fetch manifest tsconfig-paths@4.2.0
306 silly packumentCache full:https://registry.npmjs.org/tsconfig-paths cache-hit
307 silly fetch manifest tsconfig-paths-webpack-plugin@4.2.0
308 silly packumentCache full:https://registry.npmjs.org/tsconfig-paths-webpack-plugin cache-miss
309 http fetch GET 200 https://registry.npmjs.org/tsconfig-paths-webpack-plugin 93ms (cache hit)
310 silly packumentCache full:https://registry.npmjs.org/tsconfig-paths-webpack-plugin set size:117412 disposed:false
311 silly fetch manifest typescript@5.9.3
312 silly packumentCache full:https://registry.npmjs.org/typescript cache-miss
313 http fetch GET 200 https://registry.npmjs.org/typescript 329ms (cache hit)
314 silly packumentCache full:https://registry.npmjs.org/typescript set size:15133370 disposed:false
315 silly fetch manifest webpack@5.104.1
316 silly packumentCache full:https://registry.npmjs.org/webpack cache-miss
317 http fetch GET 200 https://registry.npmjs.org/webpack 152ms (cache hit)
318 silly packumentCache full:https://registry.npmjs.org/webpack set size:4926367 disposed:false
319 silly fetch manifest webpack-node-externals@3.0.0
320 silly packumentCache full:https://registry.npmjs.org/webpack-node-externals cache-miss
321 http fetch GET 200 https://registry.npmjs.org/webpack-node-externals 215ms (cache hit)
322 silly packumentCache full:https://registry.npmjs.org/webpack-node-externals set size:62285 disposed:false
323 silly fetch manifest file-type@21.3.0
324 silly packumentCache full:https://registry.npmjs.org/file-type cache-miss
325 http fetch GET 200 https://registry.npmjs.org/file-type 422ms (cache miss)
326 silly packumentCache full:https://registry.npmjs.org/file-type set size:undefined disposed:false
327 silly fetch manifest iterare@1.2.1
328 silly packumentCache full:https://registry.npmjs.org/iterare cache-miss
329 http fetch GET 200 https://registry.npmjs.org/iterare 428ms (cache miss)
330 silly packumentCache full:https://registry.npmjs.org/iterare set size:undefined disposed:false
331 silly fetch manifest load-esm@1.0.3
332 silly packumentCache full:https://registry.npmjs.org/load-esm cache-miss
333 http fetch GET 200 https://registry.npmjs.org/load-esm 412ms (cache miss)
334 silly packumentCache full:https://registry.npmjs.org/load-esm set size:undefined disposed:false
335 silly fetch manifest uid@2.0.2
336 silly packumentCache full:https://registry.npmjs.org/uid cache-miss
337 http fetch GET 200 https://registry.npmjs.org/uid 505ms (cache miss)
338 silly packumentCache full:https://registry.npmjs.org/uid set size:undefined disposed:false
339 silly fetch manifest @nuxt/opencollective@0.4.1
340 silly packumentCache full:https://registry.npmjs.org/@nuxt%2fopencollective cache-miss
341 http fetch GET 200 https://registry.npmjs.org/@nuxt%2fopencollective 259ms (cache miss)
342 silly packumentCache full:https://registry.npmjs.org/@nuxt%2fopencollective set size:undefined disposed:false
343 silly fetch manifest fast-safe-stringify@2.1.1
344 silly packumentCache full:https://registry.npmjs.org/fast-safe-stringify cache-miss
345 http fetch GET 200 https://registry.npmjs.org/fast-safe-stringify 159ms (cache miss)
346 silly packumentCache full:https://registry.npmjs.org/fast-safe-stringify set size:undefined disposed:false
347 silly fetch manifest path-to-regexp@8.3.0
348 silly packumentCache full:https://registry.npmjs.org/path-to-regexp cache-miss
349 http fetch GET 200 https://registry.npmjs.org/path-to-regexp 149ms (cache miss)
350 silly packumentCache full:https://registry.npmjs.org/path-to-regexp set size:undefined disposed:false
351 silly fetch manifest cors@2.8.5
352 silly packumentCache full:https://registry.npmjs.org/cors cache-miss
353 http fetch GET 200 https://registry.npmjs.org/cors 149ms (cache miss)
354 silly packumentCache full:https://registry.npmjs.org/cors set size:undefined disposed:false
355 silly fetch manifest express@5.2.1
356 silly packumentCache full:https://registry.npmjs.org/express cache-miss
357 http fetch GET 200 https://registry.npmjs.org/express 214ms (cache miss)
358 silly packumentCache full:https://registry.npmjs.org/express set size:undefined disposed:false
359 silly fetch manifest multer@2.0.2
360 silly packumentCache full:https://registry.npmjs.org/multer cache-miss
361 http fetch GET 200 https://registry.npmjs.org/multer 362ms (cache miss)
362 silly packumentCache full:https://registry.npmjs.org/multer set size:undefined disposed:false
363 silly fetch manifest @angular-devkit/core@19.2.17
364 silly packumentCache full:https://registry.npmjs.org/@angular-devkit%2fcore cache-miss
365 http fetch GET 200 https://registry.npmjs.org/@angular-devkit%2fcore 448ms (cache hit)
366 silly packumentCache full:https://registry.npmjs.org/@angular-devkit%2fcore set size:2240704 disposed:false
367 silly fetch manifest @angular-devkit/schematics@19.2.17
368 silly packumentCache full:https://registry.npmjs.org/@angular-devkit%2fschematics cache-miss
369 http fetch GET 200 https://registry.npmjs.org/@angular-devkit%2fschematics 256ms (cache hit)
370 silly packumentCache full:https://registry.npmjs.org/@angular-devkit%2fschematics set size:2218802 disposed:false
371 silly fetch manifest comment-json@4.4.1
372 silly packumentCache full:https://registry.npmjs.org/comment-json cache-miss
373 http fetch GET 200 https://registry.npmjs.org/comment-json 157ms (cache hit)
374 silly packumentCache full:https://registry.npmjs.org/comment-json set size:174095 disposed:false
375 silly fetch manifest jsonc-parser@3.3.1
376 silly packumentCache full:https://registry.npmjs.org/jsonc-parser cache-miss
377 http fetch GET 200 https://registry.npmjs.org/jsonc-parser 101ms (cache hit)
378 silly packumentCache full:https://registry.npmjs.org/jsonc-parser set size:122648 disposed:false
379 silly fetch manifest pluralize@8.0.0
380 silly packumentCache full:https://registry.npmjs.org/pluralize cache-miss
381 http fetch GET 200 https://registry.npmjs.org/pluralize 111ms (cache hit)
382 silly packumentCache full:https://registry.npmjs.org/pluralize set size:55503 disposed:false
383 silly fetch manifest @types/body-parser@*
384 silly packumentCache full:https://registry.npmjs.org/@types%2fbody-parser cache-miss
385 http fetch GET 200 https://registry.npmjs.org/@types%2fbody-parser 187ms (cache miss)
386 silly packumentCache full:https://registry.npmjs.org/@types%2fbody-parser set size:undefined disposed:false
387 silly fetch manifest @types/serve-static@^2
388 silly packumentCache full:https://registry.npmjs.org/@types%2fserve-static cache-miss
389 http fetch GET 200 https://registry.npmjs.org/@types%2fserve-static 154ms (cache miss)
390 silly packumentCache full:https://registry.npmjs.org/@types%2fserve-static set size:undefined disposed:false
391 silly fetch manifest @types/express-serve-static-core@^5.0.0
392 silly packumentCache full:https://registry.npmjs.org/@types%2fexpress-serve-static-core cache-miss
393 http fetch GET 200 https://registry.npmjs.org/@types%2fexpress-serve-static-core 174ms (cache miss)
394 silly packumentCache full:https://registry.npmjs.org/@types%2fexpress-serve-static-core set size:undefined disposed:false
395 silly fetch manifest expect@^30.0.0
396 silly packumentCache full:https://registry.npmjs.org/expect cache-miss
397 http fetch GET 200 https://registry.npmjs.org/expect 186ms (cache miss)
398 silly packumentCache full:https://registry.npmjs.org/expect set size:undefined disposed:false
399 silly fetch manifest pretty-format@^30.0.0
400 silly packumentCache full:https://registry.npmjs.org/pretty-format cache-miss
401 http fetch GET 200 https://registry.npmjs.org/pretty-format 176ms (cache miss)
402 silly packumentCache full:https://registry.npmjs.org/pretty-format set size:undefined disposed:false
403 silly fetch manifest @types/methods@^1.1.4
404 silly packumentCache full:https://registry.npmjs.org/@types%2fmethods cache-miss
405 http fetch GET 200 https://registry.npmjs.org/@types%2fmethods 179ms (cache miss)
406 silly packumentCache full:https://registry.npmjs.org/@types%2fmethods set size:undefined disposed:false
407 silly fetch manifest @types/superagent@^8.1.0
408 silly packumentCache full:https://registry.npmjs.org/@types%2fsuperagent cache-miss
409 http fetch GET 200 https://registry.npmjs.org/@types%2fsuperagent 187ms (cache miss)
410 silly packumentCache full:https://registry.npmjs.org/@types%2fsuperagent set size:undefined disposed:false
411 silly fetch manifest prettier-linter-helpers@^1.0.1
412 silly packumentCache full:https://registry.npmjs.org/prettier-linter-helpers cache-miss
413 http fetch GET 200 https://registry.npmjs.org/prettier-linter-helpers 145ms (cache miss)
414 silly packumentCache full:https://registry.npmjs.org/prettier-linter-helpers set size:undefined disposed:false
415 silly fetch manifest synckit@^0.11.12
416 silly packumentCache full:https://registry.npmjs.org/synckit cache-miss
417 http fetch GET 200 https://registry.npmjs.org/synckit 270ms (cache miss)
418 silly packumentCache full:https://registry.npmjs.org/synckit set size:undefined disposed:false
419 silly fetch manifest @jest/core@30.2.0
420 silly packumentCache full:https://registry.npmjs.org/@jest%2fcore cache-miss
421 http fetch GET 200 https://registry.npmjs.org/@jest%2fcore 1021ms (cache miss)
422 silly packumentCache full:https://registry.npmjs.org/@jest%2fcore set size:undefined disposed:false
